planes a redactar: 14
AVISO 9909f451-a7e1-482a-b21f-ded87c7a070f: cifras del proyecto posteriores al plan (fuera): precio_tentativo, unidades_vendidas, costos_fijos_mensuales, costo_materiales_unidad; sin fecha: ninguna
9909f451-a7e1-482a-b21f-ded87c7a070f core: redactor $0.1005 | acumulado $0.1005
0e481ad8-ec8f-4cb1-a1af-2bb5d3ee86f9 health_safety: redactor $0.0833 | acumulado $0.1838
265e4486-ae89-44ad-b449-6f6a0234acfb quality: redactor $0.0674 | acumulado $0.2512
ff010188-a9db-48be-9e87-5a5a7c435a1e risk_management: redactor $0.0829 | acumulado $0.3341
AVISO ee6de956-f711-4146-9f15-9ca5ea99c0b2: cifras del proyecto posteriores al plan (fuera): precio_tentativo, unidades_vendidas, costo_materiales_unidad; sin fecha: ninguna
ee6de956-f711-4146-9f15-9ca5ea99c0b2 core: redactor $0.0478 | acumulado $0.3819
AVISO b4a01dea-63e5-4b44-bab5-2b1f14b2574c: cifras del proyecto posteriores al plan (fuera): valor_hora, horas_por_unidad, precio_tentativo, capacidad_semanal, costos_fijos_mensuales, costo_materiales_unidad; sin fecha: ninguna
b4a01dea-63e5-4b44-bab5-2b1f14b2574c core: redactor $0.0516 | acumulado $0.4335
AVISO fb027af0-ecdd-4b62-8284-7f3eb8e7db3a: cifras del proyecto posteriores al plan (fuera): valor_hora, horas_por_unidad, precio_tentativo, capacidad_semanal, unidades_vendidas, costo_materiales_unidad; sin fecha: ninguna
fb027af0-ecdd-4b62-8284-7f3eb8e7db3a core: redactor $0.0688 | acumulado $0.5023
f14f36e7-d5ed-42d9-818d-eef3096353e9 seguridad_digital: redactor $0.0710 | acumulado $0.5733
aad2749d-a69c-43b6-8a5b-6f73a7df7374 core: redactor $0.0657 | acumulado $0.6390
deb138a3-9226-4334-a7d9-2dc36519ca0e quality: redactor $0.0934 | acumulado $0.7324
8b7764c4-8e7c-4d0e-ab11-ed13ef3b968c primer_equipo: redactor $0.1053 | acumulado $0.8376
85248377-b739-42a8-8f52-063d3748a4ec health_safety: redactor $0.1017 | acumulado $0.9393
31ebf0ea-a5a2-44dc-afe7-d31c7d90db1c core: redactor $0.0831 | acumulado $1.0224
c73e86f8-2c5b-49f0-874c-a8253392c880 core: redactor $0.0851 | acumulado $1.1075
LISTO: 14 planes, gastado $1.1075
