planes a redactar: 14
AVISO 9909f451-a7e1-482a-b21f-ded87c7a070f: cifras del proyecto posteriores al plan (fuera): precio_tentativo, unidades_vendidas, costos_fijos_mensuales, costo_materiales_unidad; sin fecha: ninguna
  comprobador: 25 pasos juzgados, quitados ninguno, ignorados 0
9909f451-a7e1-482a-b21f-ded87c7a070f core: redactor $0.0710 | acumulado $0.0710
  comprobador: 20 pasos juzgados, quitados ninguno, ignorados 0
0e481ad8-ec8f-4cb1-a1af-2bb5d3ee86f9 health_safety: redactor $0.0888 | acumulado $0.1598
  comprobador: 21 pasos juzgados, quitados ninguno, ignorados 0
265e4486-ae89-44ad-b449-6f6a0234acfb quality: redactor $0.0798 | acumulado $0.2396
  comprobador: 23 pasos juzgados, quitados 2.4, ignorados 0
ff010188-a9db-48be-9e87-5a5a7c435a1e risk_management: redactor $0.0878 | acumulado $0.3275
AVISO ee6de956-f711-4146-9f15-9ca5ea99c0b2: cifras del proyecto posteriores al plan (fuera): precio_tentativo, unidades_vendidas, costo_materiales_unidad; sin fecha: ninguna
  comprobador: 23 pasos juzgados, quitados 3.4, ignorados 0
ee6de956-f711-4146-9f15-9ca5ea99c0b2 core: redactor $0.0585 | acumulado $0.3859
AVISO b4a01dea-63e5-4b44-bab5-2b1f14b2574c: cifras del proyecto posteriores al plan (fuera): valor_hora, horas_por_unidad, precio_tentativo, capacidad_semanal, costos_fijos_mensuales, costo_materiales_unidad; sin fecha: ninguna
  comprobador: 24 pasos juzgados, quitados ninguno, ignorados 0
b4a01dea-63e5-4b44-bab5-2b1f14b2574c core: redactor $0.0645 | acumulado $0.4505
AVISO fb027af0-ecdd-4b62-8284-7f3eb8e7db3a: cifras del proyecto posteriores al plan (fuera): valor_hora, horas_por_unidad, precio_tentativo, capacidad_semanal, unidades_vendidas, costo_materiales_unidad; sin fecha: ninguna
  comprobador: 15 pasos juzgados, quitados ninguno, ignorados 0
fb027af0-ecdd-4b62-8284-7f3eb8e7db3a core: redactor $0.0609 | acumulado $0.5114
  comprobador: 15 pasos juzgados, quitados ninguno, ignorados 0
f14f36e7-d5ed-42d9-818d-eef3096353e9 seguridad_digital: redactor $0.0724 | acumulado $0.5838
  comprobador: 19 pasos juzgados, quitados ninguno, ignorados 0
aad2749d-a69c-43b6-8a5b-6f73a7df7374 core: redactor $0.0754 | acumulado $0.6592
  comprobador: 16 pasos juzgados, quitados ninguno, ignorados 0
deb138a3-9226-4334-a7d9-2dc36519ca0e quality: redactor $0.0699 | acumulado $0.7290
  comprobador: 25 pasos juzgados, quitados 5.4, ignorados 0
8b7764c4-8e7c-4d0e-ab11-ed13ef3b968c primer_equipo: redactor $0.1167 | acumulado $0.8458
  comprobador: 19 pasos juzgados, quitados 2.4, ignorados 0
85248377-b739-42a8-8f52-063d3748a4ec health_safety: redactor $0.1079 | acumulado $0.9537
  comprobador: 28 pasos juzgados, quitados ninguno, ignorados 0
31ebf0ea-a5a2-44dc-afe7-d31c7d90db1c core: redactor $0.0958 | acumulado $1.0495
  comprobador: 27 pasos juzgados, quitados ninguno, ignorados 0
c73e86f8-2c5b-49f0-874c-a8253392c880 core: redactor $0.0941 | acumulado $1.1436
LISTO: 14 planes, gastado $1.1436
